// Jest Snapshot v1, https://goo.gl/fbAQLP

exports[`CreateSurveyView Component renders correct when user is logged in 1`] = `
<DocumentFragment>
  <div>
    <div>
      <h1
        class="headline-with-lines"
      >
        Title
      </h1>
      <input
        class="form-control"
        type="text"
        value=""
      />
    </div>
    <div>
      <div>
        <h1
          class="headline-with-lines"
        >
          Rezepte suchen
        </h1>
        <input
          class="form-control"
          type="text"
          value=""
        />
      </div>
    </div>
    <h1
      class="headline-with-lines"
    >
      Rezepte
    </h1>
    <div
      class="hstack"
    >
      <button
        class="ms-auto btn btn-secondary"
        type="button"
      >
        verwerfen
      </button>
      <button
        class="btn btn-primary"
        type="button"
      >
        speichern
      </button>
    </div>
  </div>
</DocumentFragment>
`;
