// Jest Snapshot v1, https://goo.gl/fbAQLP

exports[`LogoutView Component matches the snapshot 1`] = `<DocumentFragment />`;
