// Jest Snapshot v1, https://goo.gl/fbAQLP

exports[`Dropdown Component renders with correct initial value and options 1`] = `
<DocumentFragment>
  <select>
    <option
      value="Option 1"
    >
      Option 1
    </option>
    <option
      value="Option 2"
    >
      Option 2
    </option>
    <option
      value="Option 3"
    >
      Option 3
    </option>
  </select>
</DocumentFragment>
`;
